mas\dao\MengajiDAO.class
mas\controller\AddMengajiController.class
mas\controller\UserBookMengajiController.class
mas\dao\RegUserDAO.class
mas\model\Umrah.class
mas\model\BookedSlot.class
mas\model\JumaatPrayer.class
mas\controller\LogoutController.class
mas\model\Slot.class
mas\connection\ConnManager.class
mas\controller\UserRegisterController.class
mas\controller\AdminUmrahController.class
mas\controller\LoginController.class
mas\model\Mengaji.class
mas\controller\AdminJumaatController.class
mas\dao\AdminDAO.class
mas\controller\UserJumaatController.class
mas\dao\BookedSlotDAO.class
mas\dao\UserAccDAO.class
mas\controller\AdminRegisterController.class
mas\model\Admin.class
mas\controller\UserMengajiController.class
mas\controller\UserUmrahController.class
mas\controller\UserBookUmrahController.class
mas\model\RegUser.class
mas\model\Feedback.class
mas\controller\delBookingController.class
mas\model\UserAcc.class
mas\controller\UserBookJumaatController.class
mas\controller\AddJumaatController.class
mas\controller\AddUmrahController.class
mas\controller\AdminMengajiController.class
mas\dao\UmrahDAO.class
mas\controller\AdminController.class
mas\dao\JumaatPrayerDAO.class
