C:\eclipse\workspace2\MASJID-APP2.2\src\main\java\mas\dao\UmrahDAO.java
C:\eclipse\workspace2\MASJID-APP2.2\src\main\java\mas\controller\UserJumaatController.java
C:\eclipse\workspace2\MASJID-APP2.2\src\main\java\mas\model\Admin.java
C:\eclipse\workspace2\MASJID-APP2.2\src\main\java\mas\model\JumaatPrayer.java
C:\eclipse\workspace2\MASJID-APP2.2\src\main\java\mas\controller\UserBookMengajiController.java
C:\eclipse\workspace2\MASJID-APP2.2\src\main\java\mas\controller\LogoutController.java
C:\eclipse\workspace2\MASJID-APP2.2\src\main\java\mas\controller\UserBookUmrahController.java
C:\eclipse\workspace2\MASJID-APP2.2\src\main\java\mas\model\Feedback.java
C:\eclipse\workspace2\MASJID-APP2.2\src\main\java\mas\controller\AddUmrahController.java
C:\eclipse\workspace2\MASJID-APP2.2\src\main\java\mas\model\Umrah.java
C:\eclipse\workspace2\MASJID-APP2.2\src\main\java\mas\controller\UserBookJumaatController.java
C:\eclipse\workspace2\MASJID-APP2.2\src\main\java\mas\controller\UserMengajiController.java
C:\eclipse\workspace2\MASJID-APP2.2\src\main\java\mas\controller\AdminController.java
C:\eclipse\workspace2\MASJID-APP2.2\src\main\java\mas\controller\AdminJumaatController.java
C:\eclipse\workspace2\MASJID-APP2.2\src\main\java\mas\model\Slot.java
C:\eclipse\workspace2\MASJID-APP2.2\src\main\java\mas\connection\ConnManager.java
C:\eclipse\workspace2\MASJID-APP2.2\src\main\java\mas\controller\LoginController.java
C:\eclipse\workspace2\MASJID-APP2.2\src\main\java\mas\controller\AdminRegisterController.java
C:\eclipse\workspace2\MASJID-APP2.2\src\main\java\mas\controller\UserRegisterController.java
C:\eclipse\workspace2\MASJID-APP2.2\src\main\java\mas\model\UserAcc.java
C:\eclipse\workspace2\MASJID-APP2.2\src\main\java\mas\controller\UserUmrahController.java
C:\eclipse\workspace2\MASJID-APP2.2\src\main\java\mas\dao\RegUserDAO.java
C:\eclipse\workspace2\MASJID-APP2.2\src\main\java\mas\dao\AdminDAO.java
C:\eclipse\workspace2\MASJID-APP2.2\src\main\java\mas\controller\AdminMengajiController.java
C:\eclipse\workspace2\MASJID-APP2.2\src\main\java\mas\dao\UserAccDAO.java
C:\eclipse\workspace2\MASJID-APP2.2\src\main\java\mas\controller\AddJumaatController.java
C:\eclipse\workspace2\MASJID-APP2.2\src\main\java\mas\dao\BookedSlotDAO.java
C:\eclipse\workspace2\MASJID-APP2.2\src\main\java\mas\controller\delBookingController.java
C:\eclipse\workspace2\MASJID-APP2.2\src\main\java\mas\model\RegUser.java
C:\eclipse\workspace2\MASJID-APP2.2\src\main\java\mas\controller\AdminUmrahController.java
C:\eclipse\workspace2\MASJID-APP2.2\src\main\java\mas\model\BookedSlot.java
C:\eclipse\workspace2\MASJID-APP2.2\src\main\java\mas\controller\AddMengajiController.java
C:\eclipse\workspace2\MASJID-APP2.2\src\main\java\mas\model\Mengaji.java
C:\eclipse\workspace2\MASJID-APP2.2\src\main\java\mas\dao\MengajiDAO.java
C:\eclipse\workspace2\MASJID-APP2.2\src\main\java\mas\dao\JumaatPrayerDAO.java
